#-----------------------------------------------------------
# Vivado v2024.1 (64-bit)
# SW Build 5076996 on Wed May 22 18:36:09 MDT 2024
# IP Build 5075265 on Wed May 22 21:45:21 MDT 2024
# SharedData Build 5076995 on Wed May 22 18:29:18 MDT 2024
# Start of session at: Mon Nov 11 16:27:09 2024
# Process ID: 89629
# Current directory: /home/tuhin/Desktop/ISA Project -1 ALU Design/ISA Project -1 ALU Design.runs/impl_1
# Command line: vivado -log wrapper_processor.vdi -applog -product Vivado -messageDb vivado.pb -mode batch -source wrapper_processor.tcl -notrace
# Log file: /home/tuhin/Desktop/ISA Project -1 ALU Design/ISA Project -1 ALU Design.runs/impl_1/wrapper_processor.vdi
# Journal file: /home/tuhin/Desktop/ISA Project -1 ALU Design/ISA Project -1 ALU Design.runs/impl_1/vivado.jou
# Running On        :tuhin-hp15s-fy5xxx
# Platform          :Ubuntu
# Operating System  :Ubuntu 22.04.4 LTS
# Processor Detail  :12th Gen Intel(R) Core(TM) i5-1240P
# CPU Frequency     :3138.926 MHz
# CPU Physical cores:12
# CPU Logical cores :16
# Host memory       :16424 MB
# Swap memory       :0 MB
# Total Virtual     :16424 MB
# Available Virtual :11329 MB
#-----------------------------------------------------------
source wrapper_processor.tcl -notrace
