#-----------------------------------------------------------
# Vivado v2024.1 (64-bit)
# SW Build 5076996 on Wed May 22 18:36:09 MDT 2024
# IP Build 5075265 on Wed May 22 21:45:21 MDT 2024
# SharedData Build 5076995 on Wed May 22 18:29:18 MDT 2024
# Start of session at: Mon Nov 11 16:50:33 2024
# Process ID: 4920
# Current directory: /home/digantam/Desktop/ISA Project -1 ALU Design/ISA Project -1 ALU Design.runs/impl_1
# Command line: vivado -log wrapper_processor.vdi -applog -product Vivado -messageDb vivado.pb -mode batch -source wrapper_processor.tcl -notrace
# Log file: /home/digantam/Desktop/ISA Project -1 ALU Design/ISA Project -1 ALU Design.runs/impl_1/wrapper_processor.vdi
# Journal file: /home/digantam/Desktop/ISA Project -1 ALU Design/ISA Project -1 ALU Design.runs/impl_1/vivado.jou
# Running On        :diganta-hp240g8notebookpc
# Platform          :unknown
# Operating System  :unknown
# Processor Detail  :11th Gen Intel(R) Core(TM) i3-1115G4 @ 3.00GHz
# CPU Frequency     :2214.232 MHz
# CPU Physical cores:2
# CPU Logical cores :4
# Host memory       :7982 MB
# Swap memory       :0 MB
# Total Virtual     :7982 MB
# Available Virtual :3752 MB
#-----------------------------------------------------------
source wrapper_processor.tcl -notrace
